Command line invocation:
    /Applications/Xcode.app/Contents/Developer/usr/bin/xcodebuild -project NectAr.xcodeproj -scheme NectAr build -destination generic/platform=iOS

Resolve Package Graph


Resolved source packages:
  Router_3d: /Users/abr/project/NectAr/Router_3d @ local
  Mail_3d: /Users/abr/project/NectAr/Mail_3d @ local
  Iphone: /Users/abr/project/NectAr/Iphone @ local
  Router: /Users/abr/project/NectAr/Router @ local
  Bee: /Users/abr/project/NectAr/Bee @ local

2026-08-12 12:56:39.901 xcodebuild[55812:2491009] [MT] IDERunDestination: Supported platforms for the buildables in the current scheme is empty.
ComputePackagePrebuildTargetDependencyGraph

Prepare packages

CreateBuildRequest

SendProjectDescription

CreateBuildOperation

ComputeTargetDependencyGraph
note: Building targets in dependency order
note: Target dependency graph (13 targets)
    Target 'NectAr' in project 'NectAr'
        ➜ Explicit dependency on target 'Mail_3d' in project 'Mail_3d'
        ➜ Explicit dependency on target 'Iphone' in project 'Iphone'
        ➜ Explicit dependency on target 'Router_3d' in project 'Router_3d'
        ➜ Explicit dependency on target 'Bee' in project 'Bee'
    Target 'Bee' in project 'Bee'
        ➜ Explicit dependency on target 'Bee' in project 'Bee'
        ➜ Explicit dependency on target 'Bee_Bee' in project 'Bee'
    Target 'Bee' in project 'Bee'
        ➜ Explicit dependency on target 'Bee_Bee' in project 'Bee'
    Target 'Bee_Bee' in project 'Bee' (no dependencies)
    Target 'Router_3d' in project 'Router_3d'
        ➜ Explicit dependency on target 'Router_3d' in project 'Router_3d'
        ➜ Explicit dependency on target 'Router_3d_Router_3d' in project 'Router_3d'
    Target 'Router_3d' in project 'Router_3d'
        ➜ Explicit dependency on target 'Router_3d_Router_3d' in project 'Router_3d'
    Target 'Router_3d_Router_3d' in project 'Router_3d' (no dependencies)
    Target 'Iphone' in project 'Iphone'
        ➜ Explicit dependency on target 'Iphone' in project 'Iphone'
        ➜ Explicit dependency on target 'Iphone_Iphone' in project 'Iphone'
    Target 'Iphone' in project 'Iphone'
        ➜ Explicit dependency on target 'Iphone_Iphone' in project 'Iphone'
    Target 'Iphone_Iphone' in project 'Iphone' (no dependencies)
    Target 'Mail_3d' in project 'Mail_3d'
        ➜ Explicit dependency on target 'Mail_3d' in project 'Mail_3d'
        ➜ Explicit dependency on target 'Mail_3d_Mail_3d' in project 'Mail_3d'
    Target 'Mail_3d' in project 'Mail_3d'
        ➜ Explicit dependency on target 'Mail_3d_Mail_3d' in project 'Mail_3d'
    Target 'Mail_3d_Mail_3d' in project 'Mail_3d' (no dependencies)

GatherProvisioningInputs

CreateBuildDescription

ExecuteExternalTool /Applications/Xcode.app/Contents/Developer/Toolchains/XcodeDefault.xctoolchain/usr/bin/swiftc --version

ExecuteExternalTool /Applications/Xcode.app/Contents/Developer/Toolchains/XcodeDefault.xctoolchain/usr/bin/clang -v -E -dM -isysroot /Applications/Xcode.app/Contents/Developer/Platforms/iPhoneOS.platform/Developer/SDKs/iPhoneOS26.5.sdk -x c -c /dev/null

ExecuteExternalTool /Applications/Xcode.app/Contents/Developer/usr/bin/actool --print-asset-tag-combinations --output-format xml1 /Users/abr/project/NectAr/NectAr/Resources/Assets.xcassets

ExecuteExternalTool /Applications/Xcode.app/Contents/Developer/usr/bin/actool --version --output-format xml1

ExecuteExternalTool /Applications/Xcode.app/Contents/Developer/Toolchains/XcodeDefault.xctoolchain/usr/bin/ld -version_details

Build description signature: 962b35db025eaa4ffac935e6af83cdef
Build description path: /Users/abr/Library/Developer/Xcode/DerivedData/NectAr-gbbvqnislgsavxcgktzraetemaao/Build/Intermediates.noindex/XCBuildData/962b35db025eaa4ffac935e6af83cdef.xcbuilddata
ClangStatCache /Applications/Xcode.app/Contents/Developer/Toolchains/XcodeDefault.xctoolchain/usr/bin/clang-stat-cache /Applications/Xcode.app/Contents/Developer/Platforms/iPhoneOS.platform/Developer/SDKs/iPhoneOS26.5.sdk /Users/abr/Library/Developer/Xcode/DerivedData/SDKStatCaches.noindex/iphoneos26.5-23F81a-32daed1954a7d5dd0789fcaf2a9bb78b.sdkstatcache
    cd /Users/abr/project/NectAr/NectAr.xcodeproj
    /Applications/Xcode.app/Contents/Developer/Toolchains/XcodeDefault.xctoolchain/usr/bin/clang-stat-cache /Applications/Xcode.app/Contents/Developer/Platforms/iPhoneOS.platform/Developer/SDKs/iPhoneOS26.5.sdk -o /Users/abr/Library/Developer/Xcode/DerivedData/SDKStatCaches.noindex/iphoneos26.5-23F81a-32daed1954a7d5dd0789fcaf2a9bb78b.sdkstatcache

RealityAssetsSchemaGen /Users/abr/Library/Developer/Xcode/DerivedData/NectAr-gbbvqnislgsavxcgktzraetemaao/Build/Intermediates.noindex/Mail_3d.build/Debug-iphoneos/Mail_3d_Mail_3d.build/DerivedSources/RealityAssetsGenerated/CustomComponentUSDInitializers.usda (in target 'Mail_3d_Mail_3d' from project 'Mail_3d')
    cd /Users/abr/project/NectAr/Mail_3d
    /usr/bin/sandbox-exec -D SCRIPT_OUTPUT_FILE_0\=/Users/abr/Library/Developer/Xcode/DerivedData/NectAr-gbbvqnislgsavxcgktzraetemaao/Build/Intermediates.noindex/Mail_3d.build/Debug-iphoneos/Mail_3d_Mail_3d.build/DerivedSources/RealityAssetsGenerated/CustomComponentUSDInitializers.usda -D SCRIPT_INPUT_FILE_0\=/Users/abr/Library/Developer/Xcode/DerivedData/NectAr-gbbvqnislgsavxcgktzraetemaao/Build/Intermediates.noindex/Mail_3d.build/Debug-iphoneos/Mail_3d_Mail_3d.build/DerivedSources/RealityAssetsGenerated/ModuleWithDependencies.json -D SCRIPT_INPUT_FILE_1\=/Users/abr/project/NectAr/Mail_3d/Sources/Mail_3d/Mail_3d.swift -D SCRIPT_INPUT_ANCESTOR_0\=/ -D SCRIPT_INPUT_ANCESTOR_1\=/Users -D SCRIPT_INPUT_ANCESTOR_2\=/Users/abr -D SCRIPT_INPUT_ANCESTOR_3\=/Users/abr/Library -D SCRIPT_INPUT_ANCESTOR_4\=/Users/abr/Library/Developer -D SCRIPT_INPUT_ANCESTOR_5\=/Users/abr/Library/Developer/Xcode -D SCRIPT_INPUT_ANCESTOR_6\=/Users/abr/Library/Developer/Xcode/DerivedData -D SCRIPT_INPUT_ANCESTOR_7\=/Users/abr/Library/Developer/Xcode/DerivedData/NectAr-gbbvqnislgsavxcgktzraetemaao -D SCRIPT_INPUT_ANCESTOR_8\=/Users/abr/Library/Developer/Xcode/DerivedData/NectAr-gbbvqnislgsavxcgktzraetemaao/Build -D SCRIPT_INPUT_ANCESTOR_9\=/Users/abr/Library/Developer/Xcode/DerivedData/NectAr-gbbvqnislgsavxcgktzraetemaao/Build/Intermediates.noindex -D SCRIPT_INPUT_ANCESTOR_10\=/Users/abr/Library/Developer/Xcode/DerivedData/NectAr-gbbvqnislgsavxcgktzraetemaao/Build/Intermediates.noindex/Mail_3d.build -D SCRIPT_INPUT_ANCESTOR_11\=/Users/abr/Library/Developer/Xcode/DerivedData/NectAr-gbbvqnislgsavxcgktzraetemaao/Build/Intermediates.noindex/Mail_3d.build/Debug-iphoneos -D SCRIPT_INPUT_ANCESTOR_12\=/Users/abr/Library/Developer/Xcode/DerivedData/NectAr-gbbvqnislgsavxcgktzraetemaao/Build/Intermediates.noindex/Mail_3d.build/Debug-iphoneos/Mail_3d_Mail_3d.build -D SCRIPT_INPUT_ANCESTOR_13\=/Users/abr/Library/Developer/Xcode/DerivedData/NectAr-gbbvqnislgsavxcgktzraetemaao/Build/Intermediates.noindex/Mail_3d.build/Debug-iphoneos/Mail_3d_Mail_3d.build/DerivedSources -D SCRIPT_INPUT_ANCESTOR_14\=/Users/abr/Library/Developer/Xcode/DerivedData/NectAr-gbbvqnislgsavxcgktzraetemaao/Build/Intermediates.noindex/Mail_3d.build/Debug-iphoneos/Mail_3d_Mail_3d.build/DerivedSources/RealityAssetsGenerated -D SCRIPT_INPUT_ANCESTOR_15\=/Users/abr/project -D SCRIPT_INPUT_ANCESTOR_16\=/Users/abr/project/NectAr -D SCRIPT_INPUT_ANCESTOR_17\=/Users/abr/project/NectAr/Mail_3d -D SCRIPT_INPUT_ANCESTOR_18\=/Users/abr/project/NectAr/Mail_3d/Sources -D SCRIPT_INPUT_ANCESTOR_19\=/Users/abr/project/NectAr/Mail_3d/Sources/Mail_3d -D SCRIPT_OUTPUT_ANCESTOR_0\=/ -D SCRIPT_OUTPUT_ANCESTOR_1\=/Users -D SCRIPT_OUTPUT_ANCESTOR_2\=/Users/abr -D SCRIPT_OUTPUT_ANCESTOR_3\=/Users/abr/Library -D SCRIPT_OUTPUT_ANCESTOR_4\=/Users/abr/Library/Developer -D SCRIPT_OUTPUT_ANCESTOR_5\=/Users/abr/Library/Developer/Xcode -D SCRIPT_OUTPUT_ANCESTOR_6\=/Users/abr/Library/Developer/Xcode/DerivedData -D SCRIPT_OUTPUT_ANCESTOR_7\=/Users/abr/Library/Developer/Xcode/DerivedData/NectAr-gbbvqnislgsavxcgktzraetemaao -D SCRIPT_OUTPUT_ANCESTOR_8\=/Users/abr/Library/Developer/Xcode/DerivedData/NectAr-gbbvqnislgsavxcgktzraetemaao/Build -D SCRIPT_OUTPUT_ANCESTOR_9\=/Users/abr/Library/Developer/Xcode/DerivedData/NectAr-gbbvqnislgsavxcgktzraetemaao/Build/Intermediates.noindex -D SCRIPT_OUTPUT_ANCESTOR_10\=/Users/abr/Library/Developer/Xcode/DerivedData/NectAr-gbbvqnislgsavxcgktzraetemaao/Build/Intermediates.noindex/Mail_3d.build -D SCRIPT_OUTPUT_ANCESTOR_11\=/Users/abr/Library/Developer/Xcode/DerivedData/NectAr-gbbvqnislgsavxcgktzraetemaao/Build/Intermediates.noindex/Mail_3d.build/Debug-iphoneos -D SCRIPT_OUTPUT_ANCESTOR_12\=/Users/abr/Library/Developer/Xcode/DerivedData/NectAr-gbbvqnislgsavxcgktzraetemaao/Build/Intermediates.noindex/Mail_3d.build/Debug-iphoneos/Mail_3d_Mail_3d.build -D SCRIPT_OUTPUT_ANCESTOR_13\=/Users/abr/Library/Developer/Xcode/DerivedData/NectAr-gbbvqnislgsavxcgktzraetemaao/Build/Intermediates.noindex/Mail_3d.build/Debug-iphoneos/Mail_3d_Mail_3d.build/DerivedSources -D SCRIPT_OUTPUT_ANCESTOR_14\=/Users/abr/Library/Developer/Xcode/DerivedData/NectAr-gbbvqnislgsavxcgktzraetemaao/Build/Intermediates.noindex/Mail_3d.build/Debug-iphoneos/Mail_3d_Mail_3d.build/DerivedSources/RealityAssetsGenerated -D SRCROOT\=/Users/abr/project/NectAr/Mail_3d -D PROJECT_DIR\=/Users/abr/project/NectAr/Mail_3d -D OBJROOT\=/Users/abr/Library/Developer/Xcode/DerivedData/NectAr-gbbvqnislgsavxcgktzraetemaao/Build/Intermediates.noindex -D SYMROOT\=/Users/abr/Library/Developer/Xcode/DerivedData/NectAr-gbbvqnislgsavxcgktzraetemaao/Build/Products -D DSTROOT\=/tmp/Mail_3d.dst -D SHARED_PRECOMPS_DIR\=/Users/abr/Library/Developer/Xcode/DerivedData/NectAr-gbbvqnislgsavxcgktzraetemaao/Build/Intermediates.noindex/PrecompiledHeaders -D CACHE_ROOT\=/var/folders/pc/0wy7bc115nv8vck50cfc3vvw0000gn/C/com.apple.DeveloperTools/26.6-17F113/Xcode -D CONFIGURATION_BUILD_DIR\=/Users/abr/Library/Developer/Xcode/DerivedData/NectAr-gbbvqnislgsavxcgktzraetemaao/Build/Products/Debug-iphoneos -D CONFIGURATION_TEMP_DIR\=/Users/abr/Library/Developer/Xcode/DerivedData/NectAr-gbbvqnislgsavxcgktzraetemaao/Build/Intermediates.noindex/Mail_3d.build/Debug-iphoneos -D LOCROOT\=/Users/abr/project/NectAr/Mail_3d -D LOCSYMROOT\=/Users/abr/project/NectAr/Mail_3d -D INDEX_PRECOMPS_DIR\=/Users/abr/Library/Developer/Xcode/DerivedData/NectAr-gbbvqnislgsavxcgktzraetemaao/Index.noindex/PrecompiledHeaders -D INDEX_DATA_STORE_DIR\=/Users/abr/Library/Developer/Xcode/DerivedData/NectAr-gbbvqnislgsavxcgktzraetemaao/Index.noindex/DataStore -D TEMP_DIR\=/Users/abr/Library/Developer/Xcode/DerivedData/NectAr-gbbvqnislgsavxcgktzraetemaao/Build/Intermediates.noindex/Mail_3d.build/Debug-iphoneos/Mail_3d_Mail_3d.build -D TARGET_TEMP_DIR\=/Users/abr/Library/Developer/Xcode/DerivedData/NectAr-gbbvqnislgsavxcgktzraetemaao/Build/Intermediates.noindex/Mail_3d.build/Debug-iphoneos/Mail_3d_Mail_3d.build -D DERIVED_FILE_DIR\=/Users/abr/Library/Developer/Xcode/DerivedData/NectAr-gbbvqnislgsavxcgktzraetemaao/Build/Intermediates.noindex/Mail_3d.build/Debug-iphoneos/Mail_3d_Mail_3d.build/DerivedSources -f /Users/abr/Library/Developer/Xcode/DerivedData/NectAr-gbbvqnislgsavxcgktzraetemaao/Build/Intermediates.noindex/Mail_3d.build/Debug-iphoneos/Mail_3d_Mail_3d.build/f4dea31990e4d065db169e10cbb92dbc.sb /Applications/Xcode.app/Contents/Developer/usr/bin/realitytool create-schema --output-schema /Users/abr/Library/Developer/Xcode/DerivedData/NectAr-gbbvqnislgsavxcgktzraetemaao/Build/Intermediates.noindex/Mail_3d.build/Debug-iphoneos/Mail_3d_Mail_3d.build/DerivedSources/RealityAssetsGenerated/CustomComponentUSDInitializers.usda /Users/abr/Library/Developer/Xcode/DerivedData/NectAr-gbbvqnislgsavxcgktzraetemaao/Build/Intermediates.noindex/Mail_3d.build/Debug-iphoneos/Mail_3d_Mail_3d.build/DerivedSources/RealityAssetsGenerated/ModuleWithDependencies.json

RealityAssetsSchemaGen /Users/abr/Library/Developer/Xcode/DerivedData/NectAr-gbbvqnislgsavxcgktzraetemaao/Build/Intermediates.noindex/Router_3d.build/Debug-iphoneos/Router_3d_Router_3d.build/DerivedSources/RealityAssetsGenerated/CustomComponentUSDInitializers.usda (in target 'Router_3d_Router_3d' from project 'Router_3d')
    cd /Users/abr/project/NectAr/Router_3d
    /usr/bin/sandbox-exec -D SCRIPT_OUTPUT_FILE_0\=/Users/abr/Library/Developer/Xcode/DerivedData/NectAr-gbbvqnislgsavxcgktzraetemaao/Build/Intermediates.noindex/Router_3d.build/Debug-iphoneos/Router_3d_Router_3d.build/DerivedSources/RealityAssetsGenerated/CustomComponentUSDInitializers.usda -D SCRIPT_INPUT_FILE_0\=/Users/abr/Library/Developer/Xcode/DerivedData/NectAr-gbbvqnislgsavxcgktzraetemaao/Build/Intermediates.noindex/Router_3d.build/Debug-iphoneos/Router_3d_Router_3d.build/DerivedSources/RealityAssetsGenerated/ModuleWithDependencies.json -D SCRIPT_INPUT_FILE_1\=/Users/abr/project/NectAr/Router_3d/Sources/Router_3d/Router_3d.swift -D SCRIPT_INPUT_ANCESTOR_0\=/ -D SCRIPT_INPUT_ANCESTOR_1\=/Users -D SCRIPT_INPUT_ANCESTOR_2\=/Users/abr -D SCRIPT_INPUT_ANCESTOR_3\=/Users/abr/Library -D SCRIPT_INPUT_ANCESTOR_4\=/Users/abr/Library/Developer -D SCRIPT_INPUT_ANCESTOR_5\=/Users/abr/Library/Developer/Xcode -D SCRIPT_INPUT_ANCESTOR_6\=/Users/abr/Library/Developer/Xcode/DerivedData -D SCRIPT_INPUT_ANCESTOR_7\=/Users/abr/Library/Developer/Xcode/DerivedData/NectAr-gbbvqnislgsavxcgktzraetemaao -D SCRIPT_INPUT_ANCESTOR_8\=/Users/abr/Library/Developer/Xcode/DerivedData/NectAr-gbbvqnislgsavxcgktzraetemaao/Build -D SCRIPT_INPUT_ANCESTOR_9\=/Users/abr/Library/Developer/Xcode/DerivedData/NectAr-gbbvqnislgsavxcgktzraetemaao/Build/Intermediates.noindex -D SCRIPT_INPUT_ANCESTOR_10\=/Users/abr/Library/Developer/Xcode/DerivedData/NectAr-gbbvqnislgsavxcgktzraetemaao/Build/Intermediates.noindex/Router_3d.build -D SCRIPT_INPUT_ANCESTOR_11\=/Users/abr/Library/Developer/Xcode/DerivedData/NectAr-gbbvqnislgsavxcgktzraetemaao/Build/Intermediates.noindex/Router_3d.build/Debug-iphoneos -D SCRIPT_INPUT_ANCESTOR_12\=/Users/abr/Library/Developer/Xcode/DerivedData/NectAr-gbbvqnislgsavxcgktzraetemaao/Build/Intermediates.noindex/Router_3d.build/Debug-iphoneos/Router_3d_Router_3d.build -D SCRIPT_INPUT_ANCESTOR_13\=/Users/abr/Library/Developer/Xcode/DerivedData/NectAr-gbbvqnislgsavxcgktzraetemaao/Build/Intermediates.noindex/Router_3d.build/Debug-iphoneos/Router_3d_Router_3d.build/DerivedSources -D SCRIPT_INPUT_ANCESTOR_14\=/Users/abr/Library/Developer/Xcode/DerivedData/NectAr-gbbvqnislgsavxcgktzraetemaao/Build/Intermediates.noindex/Router_3d.build/Debug-iphoneos/Router_3d_Router_3d.build/DerivedSources/RealityAssetsGenerated -D SCRIPT_INPUT_ANCESTOR_15\=/Users/abr/project -D SCRIPT_INPUT_ANCESTOR_16\=/Users/abr/project/NectAr -D SCRIPT_INPUT_ANCESTOR_17\=/Users/abr/project/NectAr/Router_3d -D SCRIPT_INPUT_ANCESTOR_18\=/Users/abr/project/NectAr/Router_3d/Sources -D SCRIPT_INPUT_ANCESTOR_19\=/Users/abr/project/NectAr/Router_3d/Sources/Router_3d -D SCRIPT_OUTPUT_ANCESTOR_0\=/ -D SCRIPT_OUTPUT_ANCESTOR_1\=/Users -D SCRIPT_OUTPUT_ANCESTOR_2\=/Users/abr -D SCRIPT_OUTPUT_ANCESTOR_3\=/Users/abr/Library -D SCRIPT_OUTPUT_ANCESTOR_4\=/Users/abr/Library/Developer -D SCRIPT_OUTPUT_ANCESTOR_5\=/Users/abr/Library/Developer/Xcode -D SCRIPT_OUTPUT_ANCESTOR_6\=/Users/abr/Library/Developer/Xcode/DerivedData -D SCRIPT_OUTPUT_ANCESTOR_7\=/Users/abr/Library/Developer/Xcode/DerivedData/NectAr-gbbvqnislgsavxcgktzraetemaao -D SCRIPT_OUTPUT_ANCESTOR_8\=/Users/abr/Library/Developer/Xcode/DerivedData/NectAr-gbbvqnislgsavxcgktzraetemaao/Build -D SCRIPT_OUTPUT_ANCESTOR_9\=/Users/abr/Library/Developer/Xcode/DerivedData/NectAr-gbbvqnislgsavxcgktzraetemaao/Build/Intermediates.noindex -D SCRIPT_OUTPUT_ANCESTOR_10\=/Users/abr/Library/Developer/Xcode/DerivedData/NectAr-gbbvqnislgsavxcgktzraetemaao/Build/Intermediates.noindex/Router_3d.build -D SCRIPT_OUTPUT_ANCESTOR_11\=/Users/abr/Library/Developer/Xcode/DerivedData/NectAr-gbbvqnislgsavxcgktzraetemaao/Build/Intermediates.noindex/Router_3d.build/Debug-iphoneos -D SCRIPT_OUTPUT_ANCESTOR_12\=/Users/abr/Library/Developer/Xcode/DerivedData/NectAr-gbbvqnislgsavxcgktzraetemaao/Build/Intermediates.noindex/Router_3d.build/Debug-iphoneos/Router_3d_Router_3d.build -D SCRIPT_OUTPUT_ANCESTOR_13\=/Users/abr/Library/Developer/Xcode/DerivedData/NectAr-gbbvqnislgsavxcgktzraetemaao/Build/Intermediates.noindex/Router_3d.build/Debug-iphoneos/Router_3d_Router_3d.build/DerivedSources -D SCRIPT_OUTPUT_ANCESTOR_14\=/Users/abr/Library/Developer/Xcode/DerivedData/NectAr-gbbvqnislgsavxcgktzraetemaao/Build/Intermediates.noindex/Router_3d.build/Debug-iphoneos/Router_3d_Router_3d.build/DerivedSources/RealityAssetsGenerated -D SRCROOT\=/Users/abr/project/NectAr/Router_3d -D PROJECT_DIR\=/Users/abr/project/NectAr/Router_3d -D OBJROOT\=/Users/abr/Library/Developer/Xcode/DerivedData/NectAr-gbbvqnislgsavxcgktzraetemaao/Build/Intermediates.noindex -D SYMROOT\=/Users/abr/Library/Developer/Xcode/DerivedData/NectAr-gbbvqnislgsavxcgktzraetemaao/Build/Products -D DSTROOT\=/tmp/Router_3d.dst -D SHARED_PRECOMPS_DIR\=/Users/abr/Library/Developer/Xcode/DerivedData/NectAr-gbbvqnislgsavxcgktzraetemaao/Build/Intermediates.noindex/PrecompiledHeaders -D CACHE_ROOT\=/var/folders/pc/0wy7bc115nv8vck50cfc3vvw0000gn/C/com.apple.DeveloperTools/26.6-17F113/Xcode -D CONFIGURATION_BUILD_DIR\=/Users/abr/Library/Developer/Xcode/DerivedData/NectAr-gbbvqnislgsavxcgktzraetemaao/Build/Products/Debug-iphoneos -D CONFIGURATION_TEMP_DIR\=/Users/abr/Library/Developer/Xcode/DerivedData/NectAr-gbbvqnislgsavxcgktzraetemaao/Build/Intermediates.noindex/Router_3d.build/Debug-iphoneos -D LOCROOT\=/Users/abr/project/NectAr/Router_3d -D LOCSYMROOT\=/Users/abr/project/NectAr/Router_3d -D INDEX_PRECOMPS_DIR\=/Users/abr/Library/Developer/Xcode/DerivedData/NectAr-gbbvqnislgsavxcgktzraetemaao/Index.noindex/PrecompiledHeaders -D INDEX_DATA_STORE_DIR\=/Users/abr/Library/Developer/Xcode/DerivedData/NectAr-gbbvqnislgsavxcgktzraetemaao/Index.noindex/DataStore -D TEMP_DIR\=/Users/abr/Library/Developer/Xcode/DerivedData/NectAr-gbbvqnislgsavxcgktzraetemaao/Build/Intermediates.noindex/Router_3d.build/Debug-iphoneos/Router_3d_Router_3d.build -D TARGET_TEMP_DIR\=/Users/abr/Library/Developer/Xcode/DerivedData/NectAr-gbbvqnislgsavxcgktzraetemaao/Build/Intermediates.noindex/Router_3d.build/Debug-iphoneos/Router_3d_Router_3d.build -D DERIVED_FILE_DIR\=/Users/abr/Library/Developer/Xcode/DerivedData/NectAr-gbbvqnislgsavxcgktzraetemaao/Build/Intermediates.noindex/Router_3d.build/Debug-iphoneos/Router_3d_Router_3d.build/DerivedSources -f /Users/abr/Library/Developer/Xcode/DerivedData/NectAr-gbbvqnislgsavxcgktzraetemaao/Build/Intermediates.noindex/Router_3d.build/Debug-iphoneos/Router_3d_Router_3d.build/98b54c54e96a7d059e87f4fccf8411ad.sb /Applications/Xcode.app/Contents/Developer/usr/bin/realitytool create-schema --output-schema /Users/abr/Library/Developer/Xcode/DerivedData/NectAr-gbbvqnislgsavxcgktzraetemaao/Build/Intermediates.noindex/Router_3d.build/Debug-iphoneos/Router_3d_Router_3d.build/DerivedSources/RealityAssetsGenerated/CustomComponentUSDInitializers.usda /Users/abr/Library/Developer/Xcode/DerivedData/NectAr-gbbvqnislgsavxcgktzraetemaao/Build/Intermediates.noindex/Router_3d.build/Debug-iphoneos/Router_3d_Router_3d.build/DerivedSources/RealityAssetsGenerated/ModuleWithDependencies.json

RealityAssetsSchemaGen /Users/abr/Library/Developer/Xcode/DerivedData/NectAr-gbbvqnislgsavxcgktzraetemaao/Build/Intermediates.noindex/Iphone.build/Debug-iphoneos/Iphone_Iphone.build/DerivedSources/RealityAssetsGenerated/CustomComponentUSDInitializers.usda (in target 'Iphone_Iphone' from project 'Iphone')
    cd /Users/abr/project/NectAr/Iphone
    /usr/bin/sandbox-exec -D SCRIPT_OUTPUT_FILE_0\=/Users/abr/Library/Developer/Xcode/DerivedData/NectAr-gbbvqnislgsavxcgktzraetemaao/Build/Intermediates.noindex/Iphone.build/Debug-iphoneos/Iphone_Iphone.build/DerivedSources/RealityAssetsGenerated/CustomComponentUSDInitializers.usda -D SCRIPT_INPUT_FILE_0\=/Users/abr/Library/Developer/Xcode/DerivedData/NectAr-gbbvqnislgsavxcgktzraetemaao/Build/Intermediates.noindex/Iphone.build/Debug-iphoneos/Iphone_Iphone.build/DerivedSources/RealityAssetsGenerated/ModuleWithDependencies.json -D SCRIPT_INPUT_FILE_1\=/Users/abr/project/NectAr/Iphone/Sources/Iphone/Iphone.swift -D SCRIPT_INPUT_ANCESTOR_0\=/ -D SCRIPT_INPUT_ANCESTOR_1\=/Users -D SCRIPT_INPUT_ANCESTOR_2\=/Users/abr -D SCRIPT_INPUT_ANCESTOR_3\=/Users/abr/Library -D SCRIPT_INPUT_ANCESTOR_4\=/Users/abr/Library/Developer -D SCRIPT_INPUT_ANCESTOR_5\=/Users/abr/Library/Developer/Xcode -D SCRIPT_INPUT_ANCESTOR_6\=/Users/abr/Library/Developer/Xcode/DerivedData -D SCRIPT_INPUT_ANCESTOR_7\=/Users/abr/Library/Developer/Xcode/DerivedData/NectAr-gbbvqnislgsavxcgktzraetemaao -D SCRIPT_INPUT_ANCESTOR_8\=/Users/abr/Library/Developer/Xcode/DerivedData/NectAr-gbbvqnislgsavxcgktzraetemaao/Build -D SCRIPT_INPUT_ANCESTOR_9\=/Users/abr/Library/Developer/Xcode/DerivedData/NectAr-gbbvqnislgsavxcgktzraetemaao/Build/Intermediates.noindex -D SCRIPT_INPUT_ANCESTOR_10\=/Users/abr/Library/Developer/Xcode/DerivedData/NectAr-gbbvqnislgsavxcgktzraetemaao/Build/Intermediates.noindex/Iphone.build -D SCRIPT_INPUT_ANCESTOR_11\=/Users/abr/Library/Developer/Xcode/DerivedData/NectAr-gbbvqnislgsavxcgktzraetemaao/Build/Intermediates.noindex/Iphone.build/Debug-iphoneos -D SCRIPT_INPUT_ANCESTOR_12\=/Users/abr/Library/Developer/Xcode/DerivedData/NectAr-gbbvqnislgsavxcgktzraetemaao/Build/Intermediates.noindex/Iphone.build/Debug-iphoneos/Iphone_Iphone.build -D SCRIPT_INPUT_ANCESTOR_13\=/Users/abr/Library/Developer/Xcode/DerivedData/NectAr-gbbvqnislgsavxcgktzraetemaao/Build/Intermediates.noindex/Iphone.build/Debug-iphoneos/Iphone_Iphone.build/DerivedSources -D SCRIPT_INPUT_ANCESTOR_14\=/Users/abr/Library/Developer/Xcode/DerivedData/NectAr-gbbvqnislgsavxcgktzraetemaao/Build/Intermediates.noindex/Iphone.build/Debug-iphoneos/Iphone_Iphone.build/DerivedSources/RealityAssetsGenerated -D SCRIPT_INPUT_ANCESTOR_15\=/Users/abr/project -D SCRIPT_INPUT_ANCESTOR_16\=/Users/abr/project/NectAr -D SCRIPT_INPUT_ANCESTOR_17\=/Users/abr/project/NectAr/Iphone -D SCRIPT_INPUT_ANCESTOR_18\=/Users/abr/project/NectAr/Iphone/Sources -D SCRIPT_INPUT_ANCESTOR_19\=/Users/abr/project/NectAr/Iphone/Sources/Iphone -D SCRIPT_OUTPUT_ANCESTOR_0\=/ -D SCRIPT_OUTPUT_ANCESTOR_1\=/Users -D SCRIPT_OUTPUT_ANCESTOR_2\=/Users/abr -D SCRIPT_OUTPUT_ANCESTOR_3\=/Users/abr/Library -D SCRIPT_OUTPUT_ANCESTOR_4\=/Users/abr/Library/Developer -D SCRIPT_OUTPUT_ANCESTOR_5\=/Users/abr/Library/Developer/Xcode -D SCRIPT_OUTPUT_ANCESTOR_6\=/Users/abr/Library/Developer/Xcode/DerivedData -D SCRIPT_OUTPUT_ANCESTOR_7\=/Users/abr/Library/Developer/Xcode/DerivedData/NectAr-gbbvqnislgsavxcgktzraetemaao -D SCRIPT_OUTPUT_ANCESTOR_8\=/Users/abr/Library/Developer/Xcode/DerivedData/NectAr-gbbvqnislgsavxcgktzraetemaao/Build -D SCRIPT_OUTPUT_ANCESTOR_9\=/Users/abr/Library/Developer/Xcode/DerivedData/NectAr-gbbvqnislgsavxcgktzraetemaao/Build/Intermediates.noindex -D SCRIPT_OUTPUT_ANCESTOR_10\=/Users/abr/Library/Developer/Xcode/DerivedData/NectAr-gbbvqnislgsavxcgktzraetemaao/Build/Intermediates.noindex/Iphone.build -D SCRIPT_OUTPUT_ANCESTOR_11\=/Users/abr/Library/Developer/Xcode/DerivedData/NectAr-gbbvqnislgsavxcgktzraetemaao/Build/Intermediates.noindex/Iphone.build/Debug-iphoneos -D SCRIPT_OUTPUT_ANCESTOR_12\=/Users/abr/Library/Developer/Xcode/DerivedData/NectAr-gbbvqnislgsavxcgktzraetemaao/Build/Intermediates.noindex/Iphone.build/Debug-iphoneos/Iphone_Iphone.build -D SCRIPT_OUTPUT_ANCESTOR_13\=/Users/abr/Library/Developer/Xcode/DerivedData/NectAr-gbbvqnislgsavxcgktzraetemaao/Build/Intermediates.noindex/Iphone.build/Debug-iphoneos/Iphone_Iphone.build/DerivedSources -D SCRIPT_OUTPUT_ANCESTOR_14\=/Users/abr/Library/Developer/Xcode/DerivedData/NectAr-gbbvqnislgsavxcgktzraetemaao/Build/Intermediates.noindex/Iphone.build/Debug-iphoneos/Iphone_Iphone.build/DerivedSources/RealityAssetsGenerated -D SRCROOT\=/Users/abr/project/NectAr/Iphone -D PROJECT_DIR\=/Users/abr/project/NectAr/Iphone -D OBJROOT\=/Users/abr/Library/Developer/Xcode/DerivedData/NectAr-gbbvqnislgsavxcgktzraetemaao/Build/Intermediates.noindex -D SYMROOT\=/Users/abr/Library/Developer/Xcode/DerivedData/NectAr-gbbvqnislgsavxcgktzraetemaao/Build/Products -D DSTROOT\=/tmp/Iphone.dst -D SHARED_PRECOMPS_DIR\=/Users/abr/Library/Developer/Xcode/DerivedData/NectAr-gbbvqnislgsavxcgktzraetemaao/Build/Intermediates.noindex/PrecompiledHeaders -D CACHE_ROOT\=/var/folders/pc/0wy7bc115nv8vck50cfc3vvw0000gn/C/com.apple.DeveloperTools/26.6-17F113/Xcode -D CONFIGURATION_BUILD_DIR\=/Users/abr/Library/Developer/Xcode/DerivedData/NectAr-gbbvqnislgsavxcgktzraetemaao/Build/Products/Debug-iphoneos -D CONFIGURATION_TEMP_DIR\=/Users/abr/Library/Developer/Xcode/DerivedData/NectAr-gbbvqnislgsavxcgktzraetemaao/Build/Intermediates.noindex/Iphone.build/Debug-iphoneos -D LOCROOT\=/Users/abr/project/NectAr/Iphone -D LOCSYMROOT\=/Users/abr/project/NectAr/Iphone -D INDEX_PRECOMPS_DIR\=/Users/abr/Library/Developer/Xcode/DerivedData/NectAr-gbbvqnislgsavxcgktzraetemaao/Index.noindex/PrecompiledHeaders -D INDEX_DATA_STORE_DIR\=/Users/abr/Library/Developer/Xcode/DerivedData/NectAr-gbbvqnislgsavxcgktzraetemaao/Index.noindex/DataStore -D TEMP_DIR\=/Users/abr/Library/Developer/Xcode/DerivedData/NectAr-gbbvqnislgsavxcgktzraetemaao/Build/Intermediates.noindex/Iphone.build/Debug-iphoneos/Iphone_Iphone.build -D TARGET_TEMP_DIR\=/Users/abr/Library/Developer/Xcode/DerivedData/NectAr-gbbvqnislgsavxcgktzraetemaao/Build/Intermediates.noindex/Iphone.build/Debug-iphoneos/Iphone_Iphone.build -D DERIVED_FILE_DIR\=/Users/abr/Library/Developer/Xcode/DerivedData/NectAr-gbbvqnislgsavxcgktzraetemaao/Build/Intermediates.noindex/Iphone.build/Debug-iphoneos/Iphone_Iphone.build/DerivedSources -f /Users/abr/Library/Developer/Xcode/DerivedData/NectAr-gbbvqnislgsavxcgktzraetemaao/Build/Intermediates.noindex/Iphone.build/Debug-iphoneos/Iphone_Iphone.build/d571236f7ff58668bea42842d8e296de.sb /Applications/Xcode.app/Contents/Developer/usr/bin/realitytool create-schema --output-schema /Users/abr/Library/Developer/Xcode/DerivedData/NectAr-gbbvqnislgsavxcgktzraetemaao/Build/Intermediates.noindex/Iphone.build/Debug-iphoneos/Iphone_Iphone.build/DerivedSources/RealityAssetsGenerated/CustomComponentUSDInitializers.usda /Users/abr/Library/Developer/Xcode/DerivedData/NectAr-gbbvqnislgsavxcgktzraetemaao/Build/Intermediates.noindex/Iphone.build/Debug-iphoneos/Iphone_Iphone.build/DerivedSources/RealityAssetsGenerated/ModuleWithDependencies.json

RealityAssetsSchemaGen /Users/abr/Library/Developer/Xcode/DerivedData/NectAr-gbbvqnislgsavxcgktzraetemaao/Build/Intermediates.noindex/Bee.build/Debug-iphoneos/Bee_Bee.build/DerivedSources/RealityAssetsGenerated/CustomComponentUSDInitializers.usda (in target 'Bee_Bee' from project 'Bee')
    cd /Users/abr/project/NectAr/Bee
    /usr/bin/sandbox-exec -D SCRIPT_OUTPUT_FILE_0\=/Users/abr/Library/Developer/Xcode/DerivedData/NectAr-gbbvqnislgsavxcgktzraetemaao/Build/Intermediates.noindex/Bee.build/Debug-iphoneos/Bee_Bee.build/DerivedSources/RealityAssetsGenerated/CustomComponentUSDInitializers.usda -D SCRIPT_INPUT_FILE_0\=/Users/abr/Library/Developer/Xcode/DerivedData/NectAr-gbbvqnislgsavxcgktzraetemaao/Build/Intermediates.noindex/Bee.build/Debug-iphoneos/Bee_Bee.build/DerivedSources/RealityAssetsGenerated/ModuleWithDependencies.json -D SCRIPT_INPUT_FILE_1\=/Users/abr/project/NectAr/Bee/Sources/Bee/Bee.swift -D SCRIPT_INPUT_ANCESTOR_0\=/ -D SCRIPT_INPUT_ANCESTOR_1\=/Users -D SCRIPT_INPUT_ANCESTOR_2\=/Users/abr -D SCRIPT_INPUT_ANCESTOR_3\=/Users/abr/Library -D SCRIPT_INPUT_ANCESTOR_4\=/Users/abr/Library/Developer -D SCRIPT_INPUT_ANCESTOR_5\=/Users/abr/Library/Developer/Xcode -D SCRIPT_INPUT_ANCESTOR_6\=/Users/abr/Library/Developer/Xcode/DerivedData -D SCRIPT_INPUT_ANCESTOR_7\=/Users/abr/Library/Developer/Xcode/DerivedData/NectAr-gbbvqnislgsavxcgktzraetemaao -D SCRIPT_INPUT_ANCESTOR_8\=/Users/abr/Library/Developer/Xcode/DerivedData/NectAr-gbbvqnislgsavxcgktzraetemaao/Build -D SCRIPT_INPUT_ANCESTOR_9\=/Users/abr/Library/Developer/Xcode/DerivedData/NectAr-gbbvqnislgsavxcgktzraetemaao/Build/Intermediates.noindex -D SCRIPT_INPUT_ANCESTOR_10\=/Users/abr/Library/Developer/Xcode/DerivedData/NectAr-gbbvqnislgsavxcgktzraetemaao/Build/Intermediates.noindex/Bee.build -D SCRIPT_INPUT_ANCESTOR_11\=/Users/abr/Library/Developer/Xcode/DerivedData/NectAr-gbbvqnislgsavxcgktzraetemaao/Build/Intermediates.noindex/Bee.build/Debug-iphoneos -D SCRIPT_INPUT_ANCESTOR_12\=/Users/abr/Library/Developer/Xcode/DerivedData/NectAr-gbbvqnislgsavxcgktzraetemaao/Build/Intermediates.noindex/Bee.build/Debug-iphoneos/Bee_Bee.build -D SCRIPT_INPUT_ANCESTOR_13\=/Users/abr/Library/Developer/Xcode/DerivedData/NectAr-gbbvqnislgsavxcgktzraetemaao/Build/Intermediates.noindex/Bee.build/Debug-iphoneos/Bee_Bee.build/DerivedSources -D SCRIPT_INPUT_ANCESTOR_14\=/Users/abr/Library/Developer/Xcode/DerivedData/NectAr-gbbvqnislgsavxcgktzraetemaao/Build/Intermediates.noindex/Bee.build/Debug-iphoneos/Bee_Bee.build/DerivedSources/RealityAssetsGenerated -D SCRIPT_INPUT_ANCESTOR_15\=/Users/abr/project -D SCRIPT_INPUT_ANCESTOR_16\=/Users/abr/project/NectAr -D SCRIPT_INPUT_ANCESTOR_17\=/Users/abr/project/NectAr/Bee -D SCRIPT_INPUT_ANCESTOR_18\=/Users/abr/project/NectAr/Bee/Sources -D SCRIPT_INPUT_ANCESTOR_19\=/Users/abr/project/NectAr/Bee/Sources/Bee -D SCRIPT_OUTPUT_ANCESTOR_0\=/ -D SCRIPT_OUTPUT_ANCESTOR_1\=/Users -D SCRIPT_OUTPUT_ANCESTOR_2\=/Users/abr -D SCRIPT_OUTPUT_ANCESTOR_3\=/Users/abr/Library -D SCRIPT_OUTPUT_ANCESTOR_4\=/Users/abr/Library/Developer -D SCRIPT_OUTPUT_ANCESTOR_5\=/Users/abr/Library/Developer/Xcode -D SCRIPT_OUTPUT_ANCESTOR_6\=/Users/abr/Library/Developer/Xcode/DerivedData -D SCRIPT_OUTPUT_ANCESTOR_7\=/Users/abr/Library/Developer/Xcode/DerivedData/NectAr-gbbvqnislgsavxcgktzraetemaao -D SCRIPT_OUTPUT_ANCESTOR_8\=/Users/abr/Library/Developer/Xcode/DerivedData/NectAr-gbbvqnislgsavxcgktzraetemaao/Build -D SCRIPT_OUTPUT_ANCESTOR_9\=/Users/abr/Library/Developer/Xcode/DerivedData/NectAr-gbbvqnislgsavxcgktzraetemaao/Build/Intermediates.noindex -D SCRIPT_OUTPUT_ANCESTOR_10\=/Users/abr/Library/Developer/Xcode/DerivedData/NectAr-gbbvqnislgsavxcgktzraetemaao/Build/Intermediates.noindex/Bee.build -D SCRIPT_OUTPUT_ANCESTOR_11\=/Users/abr/Library/Developer/Xcode/DerivedData/NectAr-gbbvqnislgsavxcgktzraetemaao/Build/Intermediates.noindex/Bee.build/Debug-iphoneos -D SCRIPT_OUTPUT_ANCESTOR_12\=/Users/abr/Library/Developer/Xcode/DerivedData/NectAr-gbbvqnislgsavxcgktzraetemaao/Build/Intermediates.noindex/Bee.build/Debug-iphoneos/Bee_Bee.build -D SCRIPT_OUTPUT_ANCESTOR_13\=/Users/abr/Library/Developer/Xcode/DerivedData/NectAr-gbbvqnislgsavxcgktzraetemaao/Build/Intermediates.noindex/Bee.build/Debug-iphoneos/Bee_Bee.build/DerivedSources -D SCRIPT_OUTPUT_ANCESTOR_14\=/Users/abr/Library/Developer/Xcode/DerivedData/NectAr-gbbvqnislgsavxcgktzraetemaao/Build/Intermediates.noindex/Bee.build/Debug-iphoneos/Bee_Bee.build/DerivedSources/RealityAssetsGenerated -D SRCROOT\=/Users/abr/project/NectAr/Bee -D PROJECT_DIR\=/Users/abr/project/NectAr/Bee -D OBJROOT\=/Users/abr/Library/Developer/Xcode/DerivedData/NectAr-gbbvqnislgsavxcgktzraetemaao/Build/Intermediates.noindex -D SYMROOT\=/Users/abr/Library/Developer/Xcode/DerivedData/NectAr-gbbvqnislgsavxcgktzraetemaao/Build/Products -D DSTROOT\=/tmp/Bee.dst -D SHARED_PRECOMPS_DIR\=/Users/abr/Library/Developer/Xcode/DerivedData/NectAr-gbbvqnislgsavxcgktzraetemaao/Build/Intermediates.noindex/PrecompiledHeaders -D CACHE_ROOT\=/var/folders/pc/0wy7bc115nv8vck50cfc3vvw0000gn/C/com.apple.DeveloperTools/26.6-17F113/Xcode -D CONFIGURATION_BUILD_DIR\=/Users/abr/Library/Developer/Xcode/DerivedData/NectAr-gbbvqnislgsavxcgktzraetemaao/Build/Products/Debug-iphoneos -D CONFIGURATION_TEMP_DIR\=/Users/abr/Library/Developer/Xcode/DerivedData/NectAr-gbbvqnislgsavxcgktzraetemaao/Build/Intermediates.noindex/Bee.build/Debug-iphoneos -D LOCROOT\=/Users/abr/project/NectAr/Bee -D LOCSYMROOT\=/Users/abr/project/NectAr/Bee -D INDEX_PRECOMPS_DIR\=/Users/abr/Library/Developer/Xcode/DerivedData/NectAr-gbbvqnislgsavxcgktzraetemaao/Index.noindex/PrecompiledHeaders -D INDEX_DATA_STORE_DIR\=/Users/abr/Library/Developer/Xcode/DerivedData/NectAr-gbbvqnislgsavxcgktzraetemaao/Index.noindex/DataStore -D TEMP_DIR\=/Users/abr/Library/Developer/Xcode/DerivedData/NectAr-gbbvqnislgsavxcgktzraetemaao/Build/Intermediates.noindex/Bee.build/Debug-iphoneos/Bee_Bee.build -D TARGET_TEMP_DIR\=/Users/abr/Library/Developer/Xcode/DerivedData/NectAr-gbbvqnislgsavxcgktzraetemaao/Build/Intermediates.noindex/Bee.build/Debug-iphoneos/Bee_Bee.build -D DERIVED_FILE_DIR\=/Users/abr/Library/Developer/Xcode/DerivedData/NectAr-gbbvqnislgsavxcgktzraetemaao/Build/Intermediates.noindex/Bee.build/Debug-iphoneos/Bee_Bee.build/DerivedSources -f /Users/abr/Library/Developer/Xcode/DerivedData/NectAr-gbbvqnislgsavxcgktzraetemaao/Build/Intermediates.noindex/Bee.build/Debug-iphoneos/Bee_Bee.build/e0e874669c55ccba03dc9abf602b4d9a.sb /Applications/Xcode.app/Contents/Developer/usr/bin/realitytool create-schema --output-schema /Users/abr/Library/Developer/Xcode/DerivedData/NectAr-gbbvqnislgsavxcgktzraetemaao/Build/Intermediates.noindex/Bee.build/Debug-iphoneos/Bee_Bee.build/DerivedSources/RealityAssetsGenerated/CustomComponentUSDInitializers.usda /Users/abr/Library/Developer/Xcode/DerivedData/NectAr-gbbvqnislgsavxcgktzraetemaao/Build/Intermediates.noindex/Bee.build/Debug-iphoneos/Bee_Bee.build/DerivedSources/RealityAssetsGenerated/ModuleWithDependencies.json

ProcessInfoPlistFile /Users/abr/Library/Developer/Xcode/DerivedData/NectAr-gbbvqnislgsavxcgktzraetemaao/Build/Products/Debug-iphoneos/Bee_Bee.bundle/Info.plist /Users/abr/Library/Developer/Xcode/DerivedData/NectAr-gbbvqnislgsavxcgktzraetemaao/Build/Intermediates.noindex/Bee.build/Debug-iphoneos/Bee_Bee.build/empty-Bee_Bee.plist (in target 'Bee_Bee' from project 'Bee')
    cd /Users/abr/project/NectAr/Bee
    builtin-infoPlistUtility /Users/abr/Library/Developer/Xcode/DerivedData/NectAr-gbbvqnislgsavxcgktzraetemaao/Build/Intermediates.noindex/Bee.build/Debug-iphoneos/Bee_Bee.build/empty-Bee_Bee.plist -producttype com.apple.product-type.bundle -expandbuildsettings -format binary -platform iphoneos -requiredArchitecture arm64 -o /Users/abr/Library/Developer/Xcode/DerivedData/NectAr-gbbvqnislgsavxcgktzraetemaao/Build/Products/Debug-iphoneos/Bee_Bee.bundle/Info.plist

ProcessInfoPlistFile /Users/abr/Library/Developer/Xcode/DerivedData/NectAr-gbbvqnislgsavxcgktzraetemaao/Build/Products/Debug-iphoneos/Iphone_Iphone.bundle/Info.plist /Users/abr/Library/Developer/Xcode/DerivedData/NectAr-gbbvqnislgsavxcgktzraetemaao/Build/Intermediates.noindex/Iphone.build/Debug-iphoneos/Iphone_Iphone.build/empty-Iphone_Iphone.plist (in target 'Iphone_Iphone' from project 'Iphone')
    cd /Users/abr/project/NectAr/Iphone
    builtin-infoPlistUtility /Users/abr/Library/Developer/Xcode/DerivedData/NectAr-gbbvqnislgsavxcgktzraetemaao/Build/Intermediates.noindex/Iphone.build/Debug-iphoneos/Iphone_Iphone.build/empty-Iphone_Iphone.plist -producttype com.apple.product-type.bundle -expandbuildsettings -format binary -platform iphoneos -requiredArchitecture arm64 -o /Users/abr/Library/Developer/Xcode/DerivedData/NectAr-gbbvqnislgsavxcgktzraetemaao/Build/Products/Debug-iphoneos/Iphone_Iphone.bundle/Info.plist

ProcessInfoPlistFile /Users/abr/Library/Developer/Xcode/DerivedData/NectAr-gbbvqnislgsavxcgktzraetemaao/Build/Products/Debug-iphoneos/Router_3d_Router_3d.bundle/Info.plist /Users/abr/Library/Developer/Xcode/DerivedData/NectAr-gbbvqnislgsavxcgktzraetemaao/Build/Intermediates.noindex/Router_3d.build/Debug-iphoneos/Router_3d_Router_3d.build/empty-Router_3d_Router_3d.plist (in target 'Router_3d_Router_3d' from project 'Router_3d')
    cd /Users/abr/project/NectAr/Router_3d
    builtin-infoPlistUtility /Users/abr/Library/Developer/Xcode/DerivedData/NectAr-gbbvqnislgsavxcgktzraetemaao/Build/Intermediates.noindex/Router_3d.build/Debug-iphoneos/Router_3d_Router_3d.build/empty-Router_3d_Router_3d.plist -producttype com.apple.product-type.bundle -expandbuildsettings -format binary -platform iphoneos -requiredArchitecture arm64 -o /Users/abr/Library/Developer/Xcode/DerivedData/NectAr-gbbvqnislgsavxcgktzraetemaao/Build/Products/Debug-iphoneos/Router_3d_Router_3d.bundle/Info.plist

ProcessInfoPlistFile /Users/abr/Library/Developer/Xcode/DerivedData/NectAr-gbbvqnislgsavxcgktzraetemaao/Build/Products/Debug-iphoneos/Mail_3d_Mail_3d.bundle/Info.plist /Users/abr/Library/Developer/Xcode/DerivedData/NectAr-gbbvqnislgsavxcgktzraetemaao/Build/Intermediates.noindex/Mail_3d.build/Debug-iphoneos/Mail_3d_Mail_3d.build/empty-Mail_3d_Mail_3d.plist (in target 'Mail_3d_Mail_3d' from project 'Mail_3d')
    cd /Users/abr/project/NectAr/Mail_3d
    builtin-infoPlistUtility /Users/abr/Library/Developer/Xcode/DerivedData/NectAr-gbbvqnislgsavxcgktzraetemaao/Build/Intermediates.noindex/Mail_3d.build/Debug-iphoneos/Mail_3d_Mail_3d.build/empty-Mail_3d_Mail_3d.plist -producttype com.apple.product-type.bundle -expandbuildsettings -format binary -platform iphoneos -requiredArchitecture arm64 -o /Users/abr/Library/Developer/Xcode/DerivedData/NectAr-gbbvqnislgsavxcgktzraetemaao/Build/Products/Debug-iphoneos/Mail_3d_Mail_3d.bundle/Info.plist

SwiftDriver NectAr normal arm64 com.apple.xcode.tools.swift.compiler (in target 'NectAr' from project 'NectAr')
    cd /Users/abr/project/NectAr
    builtin-SwiftDriver -- /Applications/Xcode.app/Contents/Developer/Toolchains/XcodeDefault.xctoolchain/usr/bin/swiftc -module-name NectAr -Onone @/Users/abr/Library/Developer/Xcode/DerivedData/NectAr-gbbvqnislgsavxcgktzraetemaao/Build/Intermediates.noindex/NectAr.build/Debug-iphoneos/NectAr.build/Objects-normal/arm64/NectAr.SwiftFileList -DDEBUG -default-isolation\=MainActor -enable-bare-slash-regex -enable-upcoming-feature DisableOutwardActorInference -enable-upcoming-feature InferSendableFromCaptures -enable-upcoming-feature GlobalActorIsolatedTypesUsability -enable-upcoming-feature MemberImportVisibility -enable-upcoming-feature InferIsolatedConformances -enable-upcoming-feature NonisolatedNonsendingByDefault -enable-experimental-feature DebugDescriptionMacro -sdk /Applications/Xcode.app/Contents/Developer/Platforms/iPhoneOS.platform/Developer/SDKs/iPhoneOS26.5.sdk -target arm64-apple-ios26.5 -g -module-cache-path /Users/abr/Library/Developer/Xcode/DerivedData/ModuleCache.noindex -Xfrontend -serialize-debugging-options -enable-testing -index-store-path /Users/abr/Library/Developer/Xcode/DerivedData/NectAr-gbbvqnislgsavxcgktzraetemaao/Index.noindex/DataStore -Xcc -D_LIBCPP_HARDENING_MODE\=_LIBCPP_HARDENING_MODE_DEBUG -swift-version 5 -I /Users/abr/Library/Developer/Xcode/DerivedData/NectAr-gbbvqnislgsavxcgktzraetemaao/Build/Products/Debug-iphoneos -F /Users/abr/Library/Developer/Xcode/DerivedData/NectAr-gbbvqnislgsavxcgktzraetemaao/Build/Products/Debug-iphoneos/PackageFrameworks -F /Users/abr/Library/Developer/Xcode/DerivedData/NectAr-gbbvqnislgsavxcgktzraetemaao/Build/Products/Debug-iphoneos/PackageFrameworks -F /Users/abr/Library/Developer/Xcode/DerivedData/NectAr-gbbvqnislgsavxcgktzraetemaao/Build/Products/Debug-iphoneos/PackageFrameworks -F /Users/abr/Library/Developer/Xcode/DerivedData/NectAr-gbbvqnislgsavxcgktzraetemaao/Build/Products/Debug-iphoneos/PackageFrameworks -F /Users/abr/Library/Developer/Xcode/DerivedData/NectAr-gbbvqnislgsavxcgktzraetemaao/Build/Products/Debug-iphoneos -emit-localized-strings -emit-localized-strings-path /Users/abr/Library/Developer/Xcode/DerivedData/NectAr-gbbvqnislgsavxcgktzraetemaao/Build/Intermediates.noindex/NectAr.build/Debug-iphoneos/NectAr.build/Objects-normal/arm64 -c -j10 -enable-batch-mode -incremental -Xcc -ivfsstatcache -Xcc /Users/abr/Library/Developer/Xcode/DerivedData/SDKStatCaches.noindex/iphoneos26.5-23F81a-32daed1954a7d5dd0789fcaf2a9bb78b.sdkstatcache -output-file-map /Users/abr/Library/Developer/Xcode/DerivedData/NectAr-gbbvqnislgsavxcgktzraetemaao/Build/Intermediates.noindex/NectAr.build/Debug-iphoneos/NectAr.build/Objects-normal/arm64/NectAr-OutputFileMap.json -use-frontend-parseable-output -save-temps -no-color-diagnostics -explicit-module-build -module-cache-path /Users/abr/Library/Developer/Xcode/DerivedData/NectAr-gbbvqnislgsavxcgktzraetemaao/Build/Intermediates.noindex/SwiftExplicitPrecompiledModules -clang-scanner-module-cache-path /Users/abr/Library/Developer/Xcode/DerivedData/ModuleCache.noindex -sdk-module-cache-path /Users/abr/Library/Developer/Xcode/DerivedData/ModuleCache.noindex -serialize-diagnostics -emit-dependencies -emit-module -emit-module-path /Users/abr/Library/Developer/Xcode/DerivedData/NectAr-gbbvqnislgsavxcgktzraetemaao/Build/Intermediates.noindex/NectAr.build/Debug-iphoneos/NectAr.build/Objects-normal/arm64/NectAr.swiftmodule -validate-clang-modules-once -clang-build-session-file /Users/abr/Library/Developer/Xcode/DerivedData/ModuleCache.noindex/Session.modulevalidation -Xcc -I/Users/abr/Library/Developer/Xcode/DerivedData/NectAr-gbbvqnislgsavxcgktzraetemaao/Build/Intermediates.noindex/NectAr.build/Debug-iphoneos/NectAr.build/swift-overrides.hmap -emit-const-values -Xfrontend -const-gather-protocols-file -Xfrontend /Users/abr/Library/Developer/Xcode/DerivedData/NectAr-gbbvqnislgsavxcgktzraetemaao/Build/Intermediates.noindex/NectAr.build/Debug-iphoneos/NectAr.build/Objects-normal/arm64/NectAr_const_extract_protocols.json -Xcc -iquote -Xcc /Users/abr/Library/Developer/Xcode/DerivedData/NectAr-gbbvqnislgsavxcgktzraetemaao/Build/Intermediates.noindex/NectAr.build/Debug-iphoneos/NectAr.build/NectAr-generated-files.hmap -Xcc -I/Users/abr/Library/Developer/Xcode/DerivedData/NectAr-gbbvqnislgsavxcgktzraetemaao/Build/Intermediates.noindex/NectAr.build/Debug-iphoneos/NectAr.build/NectAr-own-target-headers.hmap -Xcc -I/Users/abr/Library/Developer/Xcode/DerivedData/NectAr-gbbvqnislgsavxcgktzraetemaao/Build/Intermediates.noindex/NectAr.build/Debug-iphoneos/NectAr.build/NectAr-all-non-framework-target-headers.hmap -Xcc -ivfsoverlay -Xcc /Users/abr/Library/Developer/Xcode/DerivedData/NectAr-gbbvqnislgsavxcgktzraetemaao/Build/Intermediates.noindex/NectAr.build/Debug-iphoneos/NectAr-6f785e5f015b05f61aa58154dd903f98-VFS-iphoneos/all-product-headers.yaml -Xcc -iquote -Xcc /Users/abr/Library/Developer/Xcode/DerivedData/NectAr-gbbvqnislgsavxcgktzraetemaao/Build/Intermediates.noindex/NectAr.build/Debug-iphoneos/NectAr.build/NectAr-project-headers.hmap -Xcc -I/Users/abr/Library/Developer/Xcode/DerivedData/NectAr-gbbvqnislgsavxcgktzraetemaao/Build/Products/Debug-iphoneos/include -Xcc -I/Users/abr/Library/Developer/Xcode/DerivedData/NectAr-gbbvqnislgsavxcgktzraetemaao/Build/Intermediates.noindex/NectAr.build/Debug-iphoneos/NectAr.build/DerivedSources-normal/arm64 -Xcc -I/Users/abr/Library/Developer/Xcode/DerivedData/NectAr-gbbvqnislgsavxcgktzraetemaao/Build/Intermediates.noindex/NectAr.build/Debug-iphoneos/NectAr.build/DerivedSources/arm64 -Xcc -I/Users/abr/Library/Developer/Xcode/DerivedData/NectAr-gbbvqnislgsavxcgktzraetemaao/Build/Intermediates.noindex/NectAr.build/Debug-iphoneos/NectAr.build/DerivedSources -Xcc -DDEBUG\=1 -emit-objc-header -emit-objc-header-path /Users/abr/Library/Developer/Xcode/DerivedData/NectAr-gbbvqnislgsavxcgktzraetemaao/Build/Intermediates.noindex/NectAr.build/Debug-iphoneos/NectAr.build/Objects-normal/arm64/NectAr-Swift.h -working-directory /Users/abr/project/NectAr -experimental-emit-module-separately -disable-cmo

ProcessInfoPlistFile /Users/abr/Library/Developer/Xcode/DerivedData/NectAr-gbbvqnislgsavxcgktzraetemaao/Build/Products/Debug-iphoneos/NectAr.app/Info.plist /Users/abr/project/NectAr/NectAr/Info.plist (in target 'NectAr' from project 'NectAr')
    cd /Users/abr/project/NectAr
    builtin-infoPlistUtility /Users/abr/project/NectAr/NectAr/Info.plist -producttype com.apple.product-type.application -genpkginfo /Users/abr/Library/Developer/Xcode/DerivedData/NectAr-gbbvqnislgsavxcgktzraetemaao/Build/Products/Debug-iphoneos/NectAr.app/PkgInfo -expandbuildsettings -format binary -platform iphoneos -additionalcontentfile /Users/abr/Library/Developer/Xcode/DerivedData/NectAr-gbbvqnislgsavxcgktzraetemaao/Build/Intermediates.noindex/NectAr.build/Debug-iphoneos/NectAr.build/assetcatalog_generated_info.plist -scanforprivacyfile /Users/abr/Library/Developer/Xcode/DerivedData/NectAr-gbbvqnislgsavxcgktzraetemaao/Build/Products/Debug-iphoneos/NectAr.app/Bee_Bee.bundle -scanforprivacyfile /Users/abr/Library/Developer/Xcode/DerivedData/NectAr-gbbvqnislgsavxcgktzraetemaao/Build/Products/Debug-iphoneos/NectAr.app/Iphone_Iphone.bundle -scanforprivacyfile /Users/abr/Library/Developer/Xcode/DerivedData/NectAr-gbbvqnislgsavxcgktzraetemaao/Build/Products/Debug-iphoneos/NectAr.app/Mail_3d_Mail_3d.bundle -scanforprivacyfile /Users/abr/Library/Developer/Xcode/DerivedData/NectAr-gbbvqnislgsavxcgktzraetemaao/Build/Products/Debug-iphoneos/NectAr.app/Router_3d_Router_3d.bundle -requiredArchitecture arm64 -o /Users/abr/Library/Developer/Xcode/DerivedData/NectAr-gbbvqnislgsavxcgktzraetemaao/Build/Products/Debug-iphoneos/NectAr.app/Info.plist

SwiftEmitModule normal arm64 Emitting\ module\ for\ NectAr (in target 'NectAr' from project 'NectAr')

EmitSwiftModule normal arm64 (in target 'NectAr' from project 'NectAr')
    cd /Users/abr/project/NectAr
    

SwiftCompile normal arm64 Compiling\ TestLoad3D.swift /Users/abr/project/NectAr/NectAr/View/TestLoad3D.swift (in target 'NectAr' from project 'NectAr')
Failed frontend command:
/Applications/Xcode.app/Contents/Developer/Toolchains/XcodeDefault.xctoolchain/usr/bin/swift-frontend -frontend -c /Users/abr/project/NectAr/NectAr/App/NectArApp.swift /Users/abr/project/NectAr/NectAr/Controllers/MascotOnboardingController.swift /Users/abr/project/NectAr/NectAr/Controllers/PlacementController.swift /Users/abr/project/NectAr/NectAr/Controllers/SimulationSceneController.swift /Users/abr/project/NectAr/NectAr/Loaders/DeviceEntityLoader.swift /Users/abr/project/NectAr/NectAr/Models/AppPhase.swift /Users/abr/project/NectAr/NectAr/Models/ARPhase.swift /Users/abr/project/NectAr/NectAr/Models/DeviceAttributes.swift /Users/abr/project/NectAr/NectAr/Models/DeviceKind.swift /Users/abr/project/NectAr/NectAr/Models/FrequencyBand.swift /Users/abr/project/NectAr/NectAr/Models/PlacedTopology.swift /Users/abr/project/NectAr/NectAr/Models/RouterAttributes.swift /Users/abr/project/NectAr/NectAr/Models/Story.swift /Users/abr/project/NectAr/NectAr/Models/StoryCatalog.swift /Users/abr/project/NectAr/NectAr/Models/TrackingFailureReason.swift /Users/abr/project/NectAr/NectAr/Protocol/ARSceneDriven.swift /Users/abr/project/NectAr/NectAr/Protocol/ARSessionManaging.swift /Users/abr/project/NectAr/NectAr/Services/Mascot/MascotFoundSequence.swift /Users/abr/project/NectAr/NectAr/Services/Mascot/MascotSpawnPlacer.swift /Users/abr/project/NectAr/NectAr/Services/Preparation/DeviceEntityDecorator.swift /Users/abr/project/NectAr/NectAr/Services/Preparation/PreparationDistance.swift /Users/abr/project/NectAr/NectAr/Services/Preparation/PreparationLedger.swift /Users/abr/project/NectAr/NectAr/Services/Preparation/PreparationPreviewCoordinator.swift /Users/abr/project/NectAr/NectAr/Services/Preparation/PreparationPreviewStyler.swift /Users/abr/project/NectAr/NectAr/Services/Simulation/SimulationObstructionChecker.swift /Users/abr/project/NectAr/NectAr/Services/Simulation/SimulationRangeChecker.swift /Users/abr/project/NectAr/NectAr/Services/Simulation/SimulationRouteResolver.swift /Users/abr/project/NectAr/NectAr/Services/AnchoredEntityPlacer.swift /Users/abr/project/NectAr/NectAr/Services/ARSessionManager.swift /Users/abr/project/NectAr/NectAr/Services/EntityLabelAttacher.swift /Users/abr/project/NectAr/NectAr/Services/RouterRangeVisualizer.swift /Users/abr/project/NectAr/NectAr/View/ARPage/Components/ARContainer.swift /Users/abr/project/NectAr/NectAr/View/ARPage/Components/BackButton.swift /Users/abr/project/NectAr/NectAr/View/ARPage/Components/CrosshairView.swift /Users/abr/project/NectAr/NectAr/View/ARPage/Components/DeviceSelectorView.swift /Users/abr/project/NectAr/NectAr/View/ARPage/Components/HintTextView.swift /Users/abr/project/NectAr/NectAr/View/ARPage/Components/PreparationActionButton.swift /Users/abr/project/NectAr/NectAr/View/ARPage/Components/SimulationContainerView.swift /Users/abr/project/NectAr/NectAr/View/ARPage/ARExperienceView.swift /Users/abr/project/NectAr/NectAr/View/ARPage/PreparationView.swift /Users/abr/project/NectAr/NectAr/View/ARPage/SimulationView.swift /Users/abr/project/NectAr/NectAr/View/MenuPage/Components/CloseButton.swift /Users/abr/project/NectAr/NectAr/View/MenuPage/Components/ExpandableCard.swift /Users/abr/project/NectAr/NectAr/View/MenuPage/MenuView.swift /Users/abr/project/NectAr/NectAr/View/ContentView.swift /Users/abr/project/NectAr/NectAr/View/testfont.swift -primary-file /Users/abr/project/NectAr/NectAr/View/TestLoad3D.swift /Users/abr/project/NectAr/NectAr/ViewModels/ARViewModel.swift /Users/abr/project/NectAr/NectAr/ViewModels/MascotViewModel.swift /Users/abr/project/NectAr/NectAr/ViewModels/PlacementViewModel.swift /Users/abr/project/NectAr/NectAr/ViewModels/SimulationViewModel.swift /Users/abr/Library/Developer/Xcode/DerivedData/NectAr-gbbvqnislgsavxcgktzraetemaao/Build/Intermediates.noindex/NectAr.build/Debug-iphoneos/NectAr.build/DerivedSources/GeneratedAssetSymbols.swift -emit-dependencies-path /Users/abr/Library/Developer/Xcode/DerivedData/NectAr-gbbvqnislgsavxcgktzraetemaao/Build/Intermediates.noindex/NectAr.build/Debug-iphoneos/NectAr.build/Objects-normal/arm64/TestLoad3D.d -emit-const-values-path /Users/abr/Library/Developer/Xcode/DerivedData/NectAr-gbbvqnislgsavxcgktzraetemaao/Build/Intermediates.noindex/NectAr.build/Debug-iphoneos/NectAr.build/Objects-normal/arm64/TestLoad3D.swiftconstvalues -emit-reference-dependencies-path /Users/abr/Library/Developer/Xcode/DerivedData/NectAr-gbbvqnislgsavxcgktzraetemaao/Build/Intermediates.noindex/NectAr.build/Debug-iphoneos/NectAr.build/Objects-normal/arm64/TestLoad3D.swiftdeps -serialize-diagnostics-path /Users/abr/Library/Developer/Xcode/DerivedData/NectAr-gbbvqnislgsavxcgktzraetemaao/Build/Intermediates.noindex/NectAr.build/Debug-iphoneos/NectAr.build/Objects-normal/arm64/TestLoad3D.dia -emit-localized-strings -emit-localized-strings-path /Users/abr/Library/Developer/Xcode/DerivedData/NectAr-gbbvqnislgsavxcgktzraetemaao/Build/Intermediates.noindex/NectAr.build/Debug-iphoneos/NectAr.build/Objects-normal/arm64 -target arm64-apple-ios26.5 -module-can-import-version DeveloperToolsSupport 23.40.26 23.40.26 -module-can-import-version SwiftUI 7.5.3 7.5.3 -module-can-import-version UIKit 9126.5.5.2 9126.5.5 -disable-cross-import-overlay-search -swift-module-cross-import RealityKit /Applications/Xcode.app/Contents/Developer/Platforms/iPhoneOS.platform/Developer/SDKs/iPhoneOS26.5.sdk/System/Library/Frameworks/RealityKit.framework/Modules/RealityKit.swiftcrossimport/SwiftUI.swiftoverlay -load-resolved-plugin /Applications/Xcode.app/Contents/Developer/Platforms/iPhoneOS.platform/Developer/usr/lib/swift/host/plugins/libFoundationMacros.dylib\#/Applications/Xcode.app/Contents/Developer/Platforms/iPhoneOS.platform/Developer/usr/bin/swift-plugin-server\#FoundationMacros -load-resolved-plugin /Applications/Xcode.app/Contents/Developer/Platforms/iPhoneOS.platform/Developer/usr/lib/swift/host/plugins/libObservationMacros.dylib\#/Applications/Xcode.app/Contents/Developer/Platforms/iPhoneOS.platform/Developer/usr/bin/swift-plugin-server\#ObservationMacros -load-resolved-plugin /Applications/Xcode.app/Contents/Developer/Platforms/iPhoneOS.platform/Developer/usr/lib/swift/host/plugins/libPreviewsMacros.dylib\#/Applications/Xcode.app/Contents/Developer/Platforms/iPhoneOS.platform/Developer/usr/bin/swift-plugin-server\#PreviewsMacros -load-resolved-plugin /Applications/Xcode.app/Contents/Developer/Platforms/iPhoneOS.platform/Developer/usr/lib/swift/host/plugins/libSwiftMacros.dylib\#/Applications/Xcode.app/Contents/Developer/Platforms/iPhoneOS.platform/Developer/usr/bin/swift-plugin-server\#SwiftMacros -load-resolved-plugin /Applications/Xcode.app/Contents/Developer/Platforms/iPhoneOS.platform/Developer/usr/lib/swift/host/plugins/libSwiftUIMacros.dylib\#/Applications/Xcode.app/Contents/Developer/Platforms/iPhoneOS.platform/Developer/usr/bin/swift-plugin-server\#SwiftUIMacros -disable-implicit-swift-modules -Xcc -fno-implicit-modules -Xcc -fno-implicit-module-maps -explicit-swift-module-map-file /Users/abr/Library/Developer/Xcode/DerivedData/NectAr-gbbvqnislgsavxcgktzraetemaao/Build/Intermediates.noindex/NectAr.build/Debug-iphoneos/NectAr.build/Objects-normal/arm64/NectAr-dependencies-1.json -debug-module-path /Users/abr/Library/Developer/Xcode/DerivedData/NectAr-gbbvqnislgsavxcgktzraetemaao/Build/Intermediates.noindex/NectAr.build/Debug-iphoneos/NectAr.build/Objects-normal/arm64/NectAr.swiftmodule -Xllvm -aarch64-use-tbi -enable-objc-interop -stack-check -sdk /Applications/Xcode.app/Contents/Developer/Platforms/iPhoneOS.platform/Developer/SDKs/iPhoneOS26.5.sdk -I /Users/abr/Library/Developer/Xcode/DerivedData/NectAr-gbbvqnislgsavxcgktzraetemaao/Build/Products/Debug-iphoneos -F /Users/abr/Library/Developer/Xcode/DerivedData/NectAr-gbbvqnislgsavxcgktzraetemaao/Build/Products/Debug-iphoneos/PackageFrameworks -F /Users/abr/Library/Developer/Xcode/DerivedData/NectAr-gbbvqnislgsavxcgktzraetemaao/Build/Products/Debug-iphoneos/PackageFrameworks -F /Users/abr/Library/Developer/Xcode/DerivedData/NectAr-gbbvqnislgsavxcgktzraetemaao/Build/Products/Debug-iphoneos/PackageFrameworks -F /Users/abr/Library/Developer/Xcode/DerivedData/NectAr-gbbvqnislgsavxcgktzraetemaao/Build/Products/Debug-iphoneos/PackageFrameworks -F /Users/abr/Library/Developer/Xcode/DerivedData/NectAr-gbbvqnislgsavxcgktzraetemaao/Build/Products/Debug-iphoneos -no-color-diagnostics -Xcc -fno-color-diagnostics -enable-testing -g -debug-info-format\=dwarf -dwarf-version\=5 -module-cache-path /Users/abr/Library/Developer/Xcode/DerivedData/NectAr-gbbvqnislgsavxcgktzraetemaao/Build/Intermediates.noindex/SwiftExplicitPrecompiledModules -swift-version 5 -Onone -D DEBUG -serialize-debugging-options -const-gather-protocols-file /Users/abr/Library/Developer/Xcode/DerivedData/NectAr-gbbvqnislgsavxcgktzraetemaao/Build/Intermediates.noindex/NectAr.build/Debug-iphoneos/NectAr.build/Objects-normal/arm64/NectAr_const_extract_protocols.json -enable-upcoming-feature DisableOutwardActorInference -enable-upcoming-feature InferSendableFromCaptures -enable-upcoming-feature GlobalActorIsolatedTypesUsability -enable-upcoming-feature MemberImportVisibility -enable-upcoming-feature InferIsolatedConformances -enable-upcoming-feature NonisolatedNonsendingByDefault -enable-experimental-feature DebugDescriptionMacro -enable-bare-slash-regex -default-isolation\=MainActor -empty-abi-descriptor -validate-clang-modules-once -clang-build-session-file /Users/abr/Library/Developer/Xcode/DerivedData/ModuleCache.noindex/Session.modulevalidation -Xcc -working-directory -Xcc /Users/abr/project/NectAr -enable-anonymous-context-mangled-names -file-compilation-dir /Users/abr/project/NectAr -Xcc -D_LIBCPP_HARDENING_MODE\=_LIBCPP_HARDENING_MODE_DEBUG -Xcc -ivfsstatcache -Xcc /Users/abr/Library/Developer/Xcode/DerivedData/SDKStatCaches.noindex/iphoneos26.5-23F81a-32daed1954a7d5dd0789fcaf2a9bb78b.sdkstatcache -Xcc -I/Users/abr/Library/Developer/Xcode/DerivedData/NectAr-gbbvqnislgsavxcgktzraetemaao/Build/Intermediates.noindex/NectAr.build/Debug-iphoneos/NectAr.build/swift-overrides.hmap -Xcc -iquote -Xcc /Users/abr/Library/Developer/Xcode/DerivedData/NectAr-gbbvqnislgsavxcgktzraetemaao/Build/Intermediates.noindex/NectAr.build/Debug-iphoneos/NectAr.build/NectAr-generated-files.hmap -Xcc -I/Users/abr/Library/Developer/Xcode/DerivedData/NectAr-gbbvqnislgsavxcgktzraetemaao/Build/Intermediates.noindex/NectAr.build/Debug-iphoneos/NectAr.build/NectAr-own-target-headers.hmap -Xcc -I/Users/abr/Library/Developer/Xcode/DerivedData/NectAr-gbbvqnislgsavxcgktzraetemaao/Build/Intermediates.noindex/NectAr.build/Debug-iphoneos/NectAr.build/NectAr-all-non-framework-target-headers.hmap -Xcc -ivfsoverlay -Xcc /Users/abr/Library/Developer/Xcode/DerivedData/NectAr-gbbvqnislgsavxcgktzraetemaao/Build/Intermediates.noindex/NectAr.build/Debug-iphoneos/NectAr-6f785e5f015b05f61aa58154dd903f98-VFS-iphoneos/all-product-headers.yaml -Xcc -iquote -Xcc /Users/abr/Library/Developer/Xcode/DerivedData/NectAr-gbbvqnislgsavxcgktzraetemaao/Build/Intermediates.noindex/NectAr.build/Debug-iphoneos/NectAr.build/NectAr-project-headers.hmap -Xcc -I/Users/abr/Library/Developer/Xcode/DerivedData/NectAr-gbbvqnislgsavxcgktzraetemaao/Build/Products/Debug-iphoneos/include -Xcc -I/Users/abr/Library/Developer/Xcode/DerivedData/NectAr-gbbvqnislgsavxcgktzraetemaao/Build/Intermediates.noindex/NectAr.build/Debug-iphoneos/NectAr.build/DerivedSources-normal/arm64 -Xcc -I/Users/abr/Library/Developer/Xcode/DerivedData/NectAr-gbbvqnislgsavxcgktzraetemaao/Build/Intermediates.noindex/NectAr.build/Debug-iphoneos/NectAr.build/DerivedSources/arm64 -Xcc -I/Users/abr/Library/Developer/Xcode/DerivedData/NectAr-gbbvqnislgsavxcgktzraetemaao/Build/Intermediates.noindex/NectAr.build/Debug-iphoneos/NectAr.build/DerivedSources -Xcc -DDEBUG\=1 -no-auto-bridging-header-chaining -module-name NectAr -frontend-parseable-output -disable-clang-spi -clang-target arm64-apple-ios26.5 -target-sdk-version 26.5 -target-sdk-name iphoneos26.5 -in-process-plugin-server-path /Applications/Xcode.app/Contents/Developer/Toolchains/XcodeDefault.xctoolchain/usr/lib/swift/host/libSwiftInProcPluginServer.dylib -o /Users/abr/Library/Developer/Xcode/DerivedData/NectAr-gbbvqnislgsavxcgktzraetemaao/Build/Intermediates.noindex/NectAr.build/Debug-iphoneos/NectAr.build/Objects-normal/arm64/TestLoad3D.o -index-unit-output-path /NectAr.build/Debug-iphoneos/NectAr.build/Objects-normal/arm64/TestLoad3D.o -index-store-path /Users/abr/Library/Developer/Xcode/DerivedData/NectAr-gbbvqnislgsavxcgktzraetemaao/Index.noindex/DataStore -index-system-modules

SwiftCompile normal arm64 /Users/abr/project/NectAr/NectAr/View/TestLoad3D.swift (in target 'NectAr' from project 'NectAr')
    cd /Users/abr/project/NectAr
    
/Users/abr/project/NectAr/NectAr/View/TestLoad3D.swift:54:47: error: value of type 'EntityTargetValue<DragGesture.Value>' has no dynamic member 'convert' using key path from root type 'DragGesture.Value'
                        let targetPos = value.convert(value.location3D, from: .local, to: value.entity.parent!)
                                        ~~~~~ ^~~~~~~
/Users/abr/project/NectAr/NectAr/View/TestLoad3D.swift:54:61: error: value of type 'EntityTargetValue<DragGesture.Value>' has no dynamic member 'location3D' using key path from root type 'DragGesture.Value'
                        let targetPos = value.convert(value.location3D, from: .local, to: value.entity.parent!)
                                                      ~~~~~ ^~~~~~~~~~
/Users/abr/project/NectAr/NectAr/View/TestLoad3D.swift:54:80: error: cannot infer contextual base in reference to member 'local'
                        let targetPos = value.convert(value.location3D, from: .local, to: value.entity.parent!)
                                                                              ~^~~~~

** BUILD FAILED **


The following build commands failed:
	SwiftCompile normal arm64 Compiling\ TestLoad3D.swift /Users/abr/project/NectAr/NectAr/View/TestLoad3D.swift (in target 'NectAr' from project 'NectAr')
	SwiftCompile normal arm64 /Users/abr/project/NectAr/NectAr/View/TestLoad3D.swift (in target 'NectAr' from project 'NectAr')
	Building project NectAr with scheme NectAr
(3 failures)
